// Jest Snapshot v1, https://goo.gl/fbAQLP

exports[`should render Header (snapshot) 1`] = `
<header
  class="header"
>
  <div
    class="searchBlock"
  >
    <a
      class="userBlock userBlock"
      href="https://www.reddit.com/api/v1/authorize?client_id=undefined&response_type=code&state=random_string&redirect_uri=http://localhost:3000/auth&duration=permanent&scope=read identity submit"
      rel="noreferrer"
    >
      <img
        alt="User avatar"
        class="authorAvatar"
        src="/static/image/AnonimIcon.svg"
      />
      <span
        class="anonim"
      >
        Аноним
      </span>
    </a>
  </div>
  <div
    class="titleBlock"
  >
    title
  </div>
  <div>
    sort
  </div>
</header>
`;
