// Jest Snapshot v1, https://goo.gl/fbAQLP

exports[`should render SearchBlock (snapshot) 1`] = `
<div
  class="searchBlock"
>
  <a
    class="userBlock userBlock"
    href="https://www.reddit.com/api/v1/authorize?client_id=undefined&response_type=code&state=random_string&redirect_uri=http://localhost:3000/auth&duration=permanent&scope=read identity submit"
  >
    <img
      alt="#"
      class="authorAvatar"
      src="/static/image/AnonimIcon.svg"
    />
    <span
      class="anonim"
    >
      Аноним
    </span>
  </a>
</div>
`;
